Importer Log Report
Document: C:\Users\johna\Documents\BYTE_Electronics\PDBueno\Footprint_PB_Byte.pretty
    Section : Analyze Document from - C:\Users\johna\Documents\BYTE_Electronics\PDBueno\Footprint_PB_Byte.pretty
        Warning: Unknown child generator_version of footprint.
        Warning: Unknown child unlocked of property.
        Warning: Unknown child uuid of property.
        Warning: Unknown child stroke of fp_line.
        Warning: Unknown child uuid of fp_line.
        Warning: Unknown child stroke of fp_line.
        Warning: Unknown child uuid of fp_line.
        Warning: Unknown child stroke of fp_line.
        Warning: Unknown child uuid of fp_line.
        Warning: Unknown child stroke of fp_line.
        Warning: Unknown child uuid of fp_line.
        Warning: Unknown child stroke of fp_line.
        Warning: Unknown child uuid of fp_line.
        Warning: Unknown child stroke of fp_line.
        Warning: Unknown child uuid of fp_line.
        Warning: Unknown child unlocked of fp_text.
        Warning: Unknown child uuid of fp_text.
        Warning: Unknown child uuid of pad.
        Warning: Unknown child uuid of pad.
        Warning: Unknown child embedded_fonts of footprint.
    EndSection
    Section : Import Document - C:\Users\johna\Documents\BYTE_Electronics\PDBueno\Imported PDBueno\Footprint_PB_Byte.PcbLib
        Section : Component REF** importing.
        EndSection
    EndSection
