Importer Log Report
Document: C:\Users\johna\Documents\BYTE_Electronics\PDBueno\PDBueno.kicad_sch
    Section : Loading Schematic - C:\Users\johna\Documents\BYTE_Electronics\PDBueno\PDBueno.kicad_sch
        Warning: Unknown child generator_version of kicad_sch.
        Warning: Unknown child exclude_from_sim of symbol.
        Warning: Unknown child embedded_fonts of symbol.
        Warning: Unknown child exclude_from_sim of symbol.
        Warning: Unknown child embedded_fonts of symbol.
        Warning: Unknown child exclude_from_sim of symbol.
        Warning: Unknown child embedded_fonts of symbol.
        Warning: Unknown child exclude_from_sim of symbol.
        Warning: Unknown child embedded_fonts of symbol.
        Warning: Unknown child exclude_from_sim of symbol.
        Warning: Unknown child embedded_fonts of symbol.
        Warning: Unknown child exclude_from_sim of symbol.
        Warning: Unknown child embedded_fonts of symbol.
        Warning: Unknown child exclude_from_sim of symbol.
        Warning: Unknown child embedded_fonts of symbol.
        Warning: Unknown child exclude_from_sim of text.
        Warning: Unknown child exclude_from_sim of text.
        Warning: Unknown child exclude_from_sim of text.
        Warning: Unknown child exclude_from_sim of text.
        Warning: Unknown child exclude_from_sim of text.
        Warning: Unknown child exclude_from_sim of text.
        Warning: Unknown child exclude_from_sim of text.
        Warning: Unknown child exclude_from_sim of text.
        Warning: Unknown child exclude_from_sim of symbol.
        Warning: Unknown child exclude_from_sim of symbol.
        Warning: Unknown child exclude_from_sim of symbol.
        Warning: Unknown child exclude_from_sim of symbol.
        Warning: Unknown child exclude_from_sim of symbol.
        Warning: Unknown child exclude_from_sim of symbol.
        Warning: Unknown child exclude_from_sim of symbol.
        Warning: Unknown child exclude_from_sim of symbol.
        Warning: Unknown child exclude_from_sim of symbol.
        Warning: Unknown child exclude_from_sim of symbol.
        Warning: Unknown child exclude_from_sim of symbol.
        Warning: Unknown child exclude_from_sim of symbol.
        Warning: Unknown child exclude_from_sim of symbol.
        Warning: Unknown child exclude_from_sim of symbol.
        Warning: Unknown child exclude_from_sim of symbol.
        Warning: Unknown child exclude_from_sim of symbol.
        Warning: Unknown child exclude_from_sim of symbol.
        Warning: Unknown child exclude_from_sim of symbol.
        Warning: Unknown child exclude_from_sim of symbol.
        Warning: Unknown child exclude_from_sim of symbol.
        Warning: Unknown child exclude_from_sim of symbol.
        Warning: Unknown child exclude_from_sim of symbol.
        Warning: Unknown child exclude_from_sim of symbol.
        Warning: Unknown child exclude_from_sim of symbol.
        Warning: Unknown child exclude_from_sim of symbol.
        Warning: Unknown child exclude_from_sim of symbol.
        Warning: Unknown child exclude_from_sim of symbol.
        Warning: Unknown child exclude_from_sim of symbol.
        Warning: Unknown child exclude_from_sim of symbol.
        Warning: Unknown child exclude_from_sim of symbol.
        Warning: Unknown child exclude_from_sim of symbol.
        Warning: Unknown child embedded_fonts of kicad_sch.
    EndSection
    Section : Loading Schematic - C:\Users\johna\Documents\BYTE_Electronics\PDBueno\PDBueno.kicad_sch
        Warning: Unknown child generator_version of kicad_sch.
        Warning: Unknown child exclude_from_sim of symbol.
        Warning: Unknown child embedded_fonts of symbol.
        Warning: Unknown child exclude_from_sim of symbol.
        Warning: Unknown child embedded_fonts of symbol.
        Warning: Unknown child exclude_from_sim of symbol.
        Warning: Unknown child embedded_fonts of symbol.
        Warning: Unknown child exclude_from_sim of symbol.
        Warning: Unknown child embedded_fonts of symbol.
        Warning: Unknown child exclude_from_sim of symbol.
        Warning: Unknown child embedded_fonts of symbol.
        Warning: Unknown child exclude_from_sim of symbol.
        Warning: Unknown child embedded_fonts of symbol.
        Warning: Unknown child exclude_from_sim of symbol.
        Warning: Unknown child embedded_fonts of symbol.
        Warning: Unknown child exclude_from_sim of text.
        Warning: Unknown child exclude_from_sim of text.
        Warning: Unknown child exclude_from_sim of text.
        Warning: Unknown child exclude_from_sim of text.
        Warning: Unknown child exclude_from_sim of text.
        Warning: Unknown child exclude_from_sim of text.
        Warning: Unknown child exclude_from_sim of text.
        Warning: Unknown child exclude_from_sim of text.
        Warning: Unknown child exclude_from_sim of symbol.
        Warning: Unknown child exclude_from_sim of symbol.
        Warning: Unknown child exclude_from_sim of symbol.
        Warning: Unknown child exclude_from_sim of symbol.
        Warning: Unknown child exclude_from_sim of symbol.
        Warning: Unknown child exclude_from_sim of symbol.
        Warning: Unknown child exclude_from_sim of symbol.
        Warning: Unknown child exclude_from_sim of symbol.
        Warning: Unknown child exclude_from_sim of symbol.
        Warning: Unknown child exclude_from_sim of symbol.
        Warning: Unknown child exclude_from_sim of symbol.
        Warning: Unknown child exclude_from_sim of symbol.
        Warning: Unknown child exclude_from_sim of symbol.
        Warning: Unknown child exclude_from_sim of symbol.
        Warning: Unknown child exclude_from_sim of symbol.
        Warning: Unknown child exclude_from_sim of symbol.
        Warning: Unknown child exclude_from_sim of symbol.
        Warning: Unknown child exclude_from_sim of symbol.
        Warning: Unknown child exclude_from_sim of symbol.
        Warning: Unknown child exclude_from_sim of symbol.
        Warning: Unknown child exclude_from_sim of symbol.
        Warning: Unknown child exclude_from_sim of symbol.
        Warning: Unknown child exclude_from_sim of symbol.
        Warning: Unknown child exclude_from_sim of symbol.
        Warning: Unknown child exclude_from_sim of symbol.
        Warning: Unknown child exclude_from_sim of symbol.
        Warning: Unknown child exclude_from_sim of symbol.
        Warning: Unknown child exclude_from_sim of symbol.
        Warning: Unknown child exclude_from_sim of symbol.
        Warning: Unknown child exclude_from_sim of symbol.
        Warning: Unknown child exclude_from_sim of symbol.
        Warning: Unknown child embedded_fonts of kicad_sch.
    EndSection
